AR arithm_unit behavioral C:/Users/mtech/poonam_vlsi/alu_32bit/arithm_unit.vhd sub00/vhpl25 1443170128
EN xor_32bitt NULL C:/Users/mtech/poonam_vlsi/alu_32bit/xor_32bitt.vhd sub00/vhpl16 1443170117
EN or_32bit NULL C:/Users/mtech/poonam_vlsi/alu_32bit/or_32bit.vhd sub00/vhpl14 1443170115
EN mux_4to1 NULL C:/Users/mtech/poonam_vlsi/alu_32bit/mux_4to1.vhd sub00/vhpl01 1443170123
AR addr_32bit behavioral C:/Users/mtech/poonam_vlsi/alu_32bit/addr_32bit.vhd sub00/vhpl11 1443170126
AR shift_unit behavioral C:/Users/mtech/poonam_vlsi/alu_32bit/shift_unit.vhd sub00/vhpl29 1443170132
EN addr_32bit NULL C:/Users/mtech/poonam_vlsi/alu_32bit/addr_32bit.vhd sub00/vhpl10 1443170125
EN arithm_unit NULL C:/Users/mtech/poonam_vlsi/alu_32bit/arithm_unit.vhd sub00/vhpl24 1443170127
AR rippl_4bitaddr behavioral C:/Users/mtech/poonam_vlsi/alu_32bit/rippl_4bitaddr.vhd sub00/vhpl09 1443170106
AR not_32bit behavioral C:/Users/mtech/poonam_vlsi/alu_32bit/not_32bit.vhd sub00/vhpl19 1443170120
AR and_32bit behavioral C:/Users/mtech/poonam_vlsi/alu_32bit/and_32bit.vhd sub00/vhpl13 1443170114
EN mux_4to1_33bit NULL C:/Users/mtech/poonam_vlsi/alu_32bit/mux_4to1_33bit.vhd sub00/vhpl00 1443170121
AR rt_shift behavioral C:/Users/mtech/poonam_vlsi/alu_32bit/rt_shift.vhd sub00/vhpl21 1443170108
AR mux_4to1_33bit behavioral C:/Users/mtech/poonam_vlsi/alu_32bit/mux_4to1_33bit.vhd sub00/vhpl03 1443170122
EN and_32bit NULL C:/Users/mtech/poonam_vlsi/alu_32bit/and_32bit.vhd sub00/vhpl12 1443170113
AR full_add behavioral C:/Users/mtech/poonam_vlsi/alu_32bit/full_add.vhd sub00/vhpl07 1443170104
EN rt_shift NULL C:/Users/mtech/poonam_vlsi/alu_32bit/rt_shift.vhd sub00/vhpl20 1443170107
AR xor_32bitt behavioral C:/Users/mtech/poonam_vlsi/alu_32bit/xor_32bitt.vhd sub00/vhpl17 1443170118
AR alu_unit behavioral C:/Users/mtech/poonam_vlsi/alu_32bit/alu_unit.vhd sub00/vhpl31 1443170134
AR lft_shift behavioral C:/Users/mtech/poonam_vlsi/alu_32bit/lft_shift.vhd sub00/vhpl23 1443170110
AR logic_unit behavioral C:/Users/mtech/poonam_vlsi/alu_32bit/logic_unit.vhd sub00/vhpl27 1443170130
EN rippl_4bitaddr NULL C:/Users/mtech/poonam_vlsi/alu_32bit/rippl_4bitaddr.vhd sub00/vhpl08 1443170105
AR mux_2to1_33bit behavioral C:/Users/mtech/poonam_vlsi/alu_32bit/mux_2to1_33bit.vhd sub00/vhpl05 1443170112
EN shift_unit NULL C:/Users/mtech/poonam_vlsi/alu_32bit/shift_unit.vhd sub00/vhpl28 1443170131
EN mux_2to1_33bit NULL C:/Users/mtech/poonam_vlsi/alu_32bit/mux_2to1_33bit.vhd sub00/vhpl04 1443170111
EN full_add NULL C:/Users/mtech/poonam_vlsi/alu_32bit/full_add.vhd sub00/vhpl06 1443170103
EN logic_unit NULL C:/Users/mtech/poonam_vlsi/alu_32bit/logic_unit.vhd sub00/vhpl26 1443170129
AR or_32bit behavioral C:/Users/mtech/poonam_vlsi/alu_32bit/or_32bit.vhd sub00/vhpl15 1443170116
AR mux_4to1 behavioral C:/Users/mtech/poonam_vlsi/alu_32bit/mux_4to1.vhd sub00/vhpl02 1443170124
EN alu_unit NULL C:/Users/mtech/poonam_vlsi/alu_32bit/alu_unit.vhd sub00/vhpl30 1443170133
EN lft_shift NULL C:/Users/mtech/poonam_vlsi/alu_32bit/lft_shift.vhd sub00/vhpl22 1443170109
EN not_32bit NULL C:/Users/mtech/poonam_vlsi/alu_32bit/not_32bit.vhd sub00/vhpl18 1443170119
