V3 63
FL C:/Users/mtech/poonam_vlsi/alu_32bit/addr_32bit.vhd 2015/09/25.11:49:16 P.28xd
EN work/addr_32bit 1443170125 \
      FL C:/Users/mtech/poonam_vlsi/alu_32bit/addr_32bit.vhd \
      PB ieee/std_logic_1164 1341906176 PB ieee/std_logic_arith 1341906177 \
      PB ieee/STD_LOGIC_UNSIGNED 1341906179
AR work/addr_32bit/Behavioral 1443170126 \
      FL C:/Users/mtech/poonam_vlsi/alu_32bit/addr_32bit.vhd EN work/addr_32bit 1443170125 \
      CP rippl_4bitaddr
FL C:/Users/mtech/poonam_vlsi/alu_32bit/alu_unit.vhd 2015/09/25.14:04:58 P.28xd
EN work/alu_unit 1443170133 FL C:/Users/mtech/poonam_vlsi/alu_32bit/alu_unit.vhd \
      PB ieee/std_logic_1164 1341906176 PB ieee/std_logic_arith 1341906177 \
      PB ieee/STD_LOGIC_UNSIGNED 1341906179
AR work/alu_unit/Behavioral 1443170134 \
      FL C:/Users/mtech/poonam_vlsi/alu_32bit/alu_unit.vhd EN work/alu_unit 1443170133 \
      CP arithm_unit CP logic_unit CP shift_unit CP mux_4to1_33bit
FL C:/Users/mtech/poonam_vlsi/alu_32bit/and_32bit.vhd 2015/09/25.11:58:51 P.28xd
EN work/and_32bit 1443170113 \
      FL C:/Users/mtech/poonam_vlsi/alu_32bit/and_32bit.vhd \
      PB ieee/std_logic_1164 1341906176 PB ieee/std_logic_arith 1341906177 \
      PB ieee/STD_LOGIC_UNSIGNED 1341906179
AR work/and_32bit/Behavioral 1443170114 \
      FL C:/Users/mtech/poonam_vlsi/alu_32bit/and_32bit.vhd EN work/and_32bit 1443170113
FL C:/Users/mtech/poonam_vlsi/alu_32bit/arithm_unit.vhd 2015/09/25.12:46:27 P.28xd
EN work/arithm_unit 1443170127 \
      FL C:/Users/mtech/poonam_vlsi/alu_32bit/arithm_unit.vhd \
      PB ieee/std_logic_1164 1341906176 PB ieee/std_logic_arith 1341906177 \
      PB ieee/STD_LOGIC_UNSIGNED 1341906179
AR work/arithm_unit/Behavioral 1443170128 \
      FL C:/Users/mtech/poonam_vlsi/alu_32bit/arithm_unit.vhd EN work/arithm_unit 1443170127 \
      CP mux_4to1 CP addr_32bit
FL C:/Users/mtech/poonam_vlsi/alu_32bit/full_add.vhd 2015/09/25.11:26:43 P.28xd
EN work/full_add 1443170103 FL C:/Users/mtech/poonam_vlsi/alu_32bit/full_add.vhd \
      PB ieee/std_logic_1164 1341906176
AR work/full_add/Behavioral 1443170104 \
      FL C:/Users/mtech/poonam_vlsi/alu_32bit/full_add.vhd EN work/full_add 1443170103
FL C:/Users/mtech/poonam_vlsi/alu_32bit/lft_shift.vhd 2015/09/25.12:15:19 P.28xd
EN work/lft_shift 1443170109 \
      FL C:/Users/mtech/poonam_vlsi/alu_32bit/lft_shift.vhd \
      PB ieee/std_logic_1164 1341906176 PB ieee/std_logic_arith 1341906177 \
      PB ieee/STD_LOGIC_UNSIGNED 1341906179
AR work/lft_shift/Behavioral 1443170110 \
      FL C:/Users/mtech/poonam_vlsi/alu_32bit/lft_shift.vhd EN work/lft_shift 1443170109
FL C:/Users/mtech/poonam_vlsi/alu_32bit/logic_unit.vhd 2015/09/25.13:11:02 P.28xd
EN work/logic_unit 1443170129 \
      FL C:/Users/mtech/poonam_vlsi/alu_32bit/logic_unit.vhd \
      PB ieee/std_logic_1164 1341906176 PB ieee/std_logic_arith 1341906177 \
      PB ieee/STD_LOGIC_UNSIGNED 1341906179
AR work/logic_unit/Behavioral 1443170130 \
      FL C:/Users/mtech/poonam_vlsi/alu_32bit/logic_unit.vhd EN work/logic_unit 1443170129 \
      CP and_32bit CP or_32bit CP xor_32bitt CP not_32bit CP mux_4to1_33bit
FL C:/Users/mtech/poonam_vlsi/alu_32bit/mux_2to1_33bit.vhd 2015/09/25.10:54:23 P.28xd
EN work/mux_2to1_33bit 1443170111 \
      FL C:/Users/mtech/poonam_vlsi/alu_32bit/mux_2to1_33bit.vhd \
      PB ieee/std_logic_1164 1341906176 PB ieee/std_logic_arith 1341906177 \
      PB ieee/STD_LOGIC_UNSIGNED 1341906179
AR work/mux_2to1_33bit/Behavioral 1443170112 \
      FL C:/Users/mtech/poonam_vlsi/alu_32bit/mux_2to1_33bit.vhd \
      EN work/mux_2to1_33bit 1443170111
FL C:/Users/mtech/poonam_vlsi/alu_32bit/mux_4to1.vhd 2015/09/25.10:45:48 P.28xd
EN work/mux_4to1 1443170123 FL C:/Users/mtech/poonam_vlsi/alu_32bit/mux_4to1.vhd \
      PB ieee/std_logic_1164 1341906176 PB ieee/std_logic_arith 1341906177 \
      PB ieee/STD_LOGIC_UNSIGNED 1341906179
AR work/mux_4to1/Behavioral 1443170124 \
      FL C:/Users/mtech/poonam_vlsi/alu_32bit/mux_4to1.vhd EN work/mux_4to1 1443170123
FL C:/Users/mtech/poonam_vlsi/alu_32bit/mux_4to1_33bit.vhd 2015/09/25.10:47:39 P.28xd
EN work/mux_4to1_33bit 1443170121 \
      FL C:/Users/mtech/poonam_vlsi/alu_32bit/mux_4to1_33bit.vhd \
      PB ieee/std_logic_1164 1341906176 PB ieee/std_logic_arith 1341906177 \
      PB ieee/STD_LOGIC_UNSIGNED 1341906179
AR work/mux_4to1_33bit/Behavioral 1443170122 \
      FL C:/Users/mtech/poonam_vlsi/alu_32bit/mux_4to1_33bit.vhd \
      EN work/mux_4to1_33bit 1443170121
FL C:/Users/mtech/poonam_vlsi/alu_32bit/not_32bit.vhd 2015/09/25.12:06:17 P.28xd
EN work/not_32bit 1443170119 \
      FL C:/Users/mtech/poonam_vlsi/alu_32bit/not_32bit.vhd \
      PB ieee/std_logic_1164 1341906176 PB ieee/std_logic_arith 1341906177 \
      PB ieee/STD_LOGIC_UNSIGNED 1341906179
AR work/not_32bit/Behavioral 1443170120 \
      FL C:/Users/mtech/poonam_vlsi/alu_32bit/not_32bit.vhd EN work/not_32bit 1443170119
FL C:/Users/mtech/poonam_vlsi/alu_32bit/or_32bit.vhd 2015/09/25.12:04:11 P.28xd
EN work/or_32bit 1443170115 FL C:/Users/mtech/poonam_vlsi/alu_32bit/or_32bit.vhd \
      PB ieee/std_logic_1164 1341906176 PB ieee/std_logic_arith 1341906177 \
      PB ieee/STD_LOGIC_UNSIGNED 1341906179
AR work/or_32bit/Behavioral 1443170116 \
      FL C:/Users/mtech/poonam_vlsi/alu_32bit/or_32bit.vhd EN work/or_32bit 1443170115
FL C:/Users/mtech/poonam_vlsi/alu_32bit/rippl_4bitaddr.vhd 2015/09/25.11:26:22 P.28xd
EN work/rippl_4bitaddr 1443170105 \
      FL C:/Users/mtech/poonam_vlsi/alu_32bit/rippl_4bitaddr.vhd \
      PB ieee/std_logic_1164 1341906176 PB ieee/std_logic_arith 1341906177 \
      PB ieee/STD_LOGIC_UNSIGNED 1341906179
AR work/rippl_4bitaddr/Behavioral 1443170106 \
      FL C:/Users/mtech/poonam_vlsi/alu_32bit/rippl_4bitaddr.vhd \
      EN work/rippl_4bitaddr 1443170105 CP full_add
FL C:/Users/mtech/poonam_vlsi/alu_32bit/rt_shift.vhd 2015/09/25.12:11:58 P.28xd
EN work/rt_shift 1443170107 FL C:/Users/mtech/poonam_vlsi/alu_32bit/rt_shift.vhd \
      PB ieee/std_logic_1164 1341906176 PB ieee/std_logic_arith 1341906177 \
      PB ieee/STD_LOGIC_UNSIGNED 1341906179
AR work/rt_shift/Behavioral 1443170108 \
      FL C:/Users/mtech/poonam_vlsi/alu_32bit/rt_shift.vhd EN work/rt_shift 1443170107
FL C:/Users/mtech/poonam_vlsi/alu_32bit/shift_unit.vhd 2015/09/25.13:23:47 P.28xd
EN work/shift_unit 1443170131 \
      FL C:/Users/mtech/poonam_vlsi/alu_32bit/shift_unit.vhd \
      PB ieee/std_logic_1164 1341906176 PB ieee/std_logic_arith 1341906177 \
      PB ieee/STD_LOGIC_UNSIGNED 1341906179
AR work/shift_unit/Behavioral 1443170132 \
      FL C:/Users/mtech/poonam_vlsi/alu_32bit/shift_unit.vhd EN work/shift_unit 1443170131 \
      CP rt_shift CP lft_shift CP mux_2to1_33bit
FL C:/Users/mtech/poonam_vlsi/alu_32bit/xor_32bitt.vhd 2015/09/25.12:04:25 P.28xd
EN work/xor_32bitt 1443170117 \
      FL C:/Users/mtech/poonam_vlsi/alu_32bit/xor_32bitt.vhd \
      PB ieee/std_logic_1164 1341906176 PB ieee/std_logic_arith 1341906177 \
      PB ieee/STD_LOGIC_UNSIGNED 1341906179
AR work/xor_32bitt/Behavioral 1443170118 \
      FL C:/Users/mtech/poonam_vlsi/alu_32bit/xor_32bitt.vhd EN work/xor_32bitt 1443170117
